2024/07/01 10:04:21.772176 Plugin para comunicación con impresoras térmicas
Versión: 3.4.0
Proudly brought to you by Parzibyte
No olvides leer mi blog si hay más actualizaciones o cosas interesantes: https://parzibyte.me/blog
2024/07/01 10:04:21.772176 Escuchando en el puerto :8000.
2024/07/01 15:41:57.690488 Plugin para comunicación con impresoras térmicas
Versión: 3.4.0
Proudly brought to you by Parzibyte
No olvides leer mi blog si hay más actualizaciones o cosas interesantes: https://parzibyte.me/blog
2024/07/01 15:41:57.690488 Escuchando en el puerto :8000.
2024/07/01 15:45:27.110872 Plugin para comunicación con impresoras térmicas
Versión: 3.4.0
Proudly brought to you by Parzibyte
No olvides leer mi blog si hay más actualizaciones o cosas interesantes: https://parzibyte.me/blog
2024/07/01 15:45:27.111390 Escuchando en el puerto :8000.
2024/07/01 16:13:43.034500 Plugin para comunicación con impresoras térmicas
Versión: 3.4.0
Proudly brought to you by Parzibyte
No olvides leer mi blog si hay más actualizaciones o cosas interesantes: https://parzibyte.me/blog
2024/07/01 16:13:43.034500 Escuchando en el puerto :8000.
2024/07/01 16:19:28.815303 error de servidor. El mensaje es: open \\DESKTOP-V4HAB01\: La ruta de acceso especificada no es válida.
2024/07/01 16:19:33.100539 error de servidor. El mensaje es: open \\DESKTOP-V4HAB01\: La ruta de acceso especificada no es válida.
2024/07/01 16:19:36.838039 error de servidor. El mensaje es: open \\DESKTOP-V4HAB01\: La ruta de acceso especificada no es válida.
2024/07/01 16:21:58.531230 Error comprobando validez de licencia: illegal base64 data at input byte 8
2024/07/01 16:22:13.782541 error de servidor. El mensaje es: open \\DESKTOP-V4HAB01\: La ruta de acceso especificada no es válida.
2024/07/01 16:22:19.803505 error de servidor. El mensaje es: open \\DESKTOP-V4HAB01\: La ruta de acceso especificada no es válida.
2024/07/01 16:22:23.159873 error de servidor. El mensaje es: open \\DESKTOP-V4HAB01\: La ruta de acceso especificada no es válida.
2024/07/01 16:22:24.402314 error de servidor. El mensaje es: open \\DESKTOP-V4HAB01\: La ruta de acceso especificada no es válida.
2024/07/01 16:22:25.014001 error de servidor. El mensaje es: open \\DESKTOP-V4HAB01\: La ruta de acceso especificada no es válida.
2024/07/01 16:22:25.321353 error de servidor. El mensaje es: open \\DESKTOP-V4HAB01\: La ruta de acceso especificada no es válida.
2024/07/01 16:22:25.958198 error de servidor. El mensaje es: open \\DESKTOP-V4HAB01\: La ruta de acceso especificada no es válida.
2024/07/01 16:22:26.315200 error de servidor. El mensaje es: open \\DESKTOP-V4HAB01\: La ruta de acceso especificada no es válida.
2024/07/01 16:23:03.389124 error de servidor. El mensaje es: open \\DESKTOP-V4HAB01\: La ruta de acceso especificada no es válida.
2024/07/01 17:07:55.147358 Error comprobando validez de licencia: illegal base64 data at input byte 0
