2024/07/01 20:36:29.048768 Plugin para comunicación con impresoras térmicas
Versión: 3.4.0
Proudly brought to you by Parzibyte
No olvides leer mi blog si hay más actualizaciones o cosas interesantes: https://parzibyte.me/blog
2024/07/01 20:36:29.048768 Escuchando en el puerto :8000.
2024/07/01 20:36:53.627119 Plugin para comunicación con impresoras térmicas
Versión: 3.4.0
Proudly brought to you by Parzibyte
No olvides leer mi blog si hay más actualizaciones o cosas interesantes: https://parzibyte.me/blog
2024/07/01 20:36:53.627119 Escuchando en el puerto :8000.
2024/07/01 20:36:53.628085 listen tcp :8000: bind: Solo se permite un uso de cada dirección de socket (protocolo/dirección de red/puerto)
2024/07/01 21:11:27.951304 Plugin para comunicación con impresoras térmicas
Versión: 3.4.0
Proudly brought to you by Parzibyte
No olvides leer mi blog si hay más actualizaciones o cosas interesantes: https://parzibyte.me/blog
2024/07/01 21:11:27.959417 Escuchando en el puerto :8000.
2024/07/01 21:11:41.101459 Plugin para comunicación con impresoras térmicas
Versión: 3.4.0
Proudly brought to you by Parzibyte
No olvides leer mi blog si hay más actualizaciones o cosas interesantes: https://parzibyte.me/blog
2024/07/01 21:11:41.101459 Escuchando en el puerto :8000.
2024/07/01 21:11:41.101459 listen tcp :8000: bind: Solo se permite un uso de cada dirección de socket (protocolo/dirección de red/puerto)
2024/07/02 13:33:25.824472 Plugin para comunicación con impresoras térmicas
Versión: 3.4.0
Proudly brought to you by Parzibyte
No olvides leer mi blog si hay más actualizaciones o cosas interesantes: https://parzibyte.me/blog
2024/07/02 13:33:25.824472 Escuchando en el puerto :8000.
2024/07/02 13:33:25.826469 listen tcp :8000: bind: Solo se permite un uso de cada dirección de socket (protocolo/dirección de red/puerto)
2024/07/02 13:33:30.297934 Plugin para comunicación con impresoras térmicas
Versión: 3.4.0
Proudly brought to you by Parzibyte
No olvides leer mi blog si hay más actualizaciones o cosas interesantes: https://parzibyte.me/blog
2024/07/02 13:33:30.297934 Escuchando en el puerto :8000.
2024/07/02 13:33:30.299485 listen tcp :8000: bind: Solo se permite un uso de cada dirección de socket (protocolo/dirección de red/puerto)
